test: unknown option `--vote', did you mean `-v' ?
Usage: test build [OPTION]... 
Try `test build --help' or `test --help' for more information.
configuration file config.ml missing
