test: unknown option `--vote', did you mean either `-v' or `--dot' ?
Usage: test describe [OPTION]... 
Try `test describe --help' or `test --help' for more information.
configuration file config.ml missing
