test: unknown option `--vote', did you mean `-v' ?
Usage: test query [OPTION]... [INFO]
Try `test query --help' or `test --help' for more information.
configuration file config.ml missing
