(* Generated by "./test.exe". *)


let runtime_keys = List.combine [] []
