(* Generated by "./test.exe". *)

let target () = `Unix

let runtime_keys = List.combine [] []

