let hello =
  Functoria_runtime.Key.create
  (Functoria_runtime.Arg.opt Cmdliner.Arg.string "Hello World!"
   (Cmdliner.Arg.info ~docs:"APPLICATION OPTIONS" ~doc:"How to say hello."
   ["hello"]))

let hello_t = Functoria_runtime.Key.term hello

let hello () = Functoria_runtime.Key.get hello

let runtime_keys = List.combine
  [hello_t]
  ["hello"]
