$(dune build ./config.exe)
$(dune exec --root . -- ./config.exe c a b c --dry-run)
