$(dune build ./config.exe)
$(dune exec --root . -- ./config.exe build a b c --dry-run)
