out: dune build ./config.exe
out: dune exec --root . -- ./config.exe clean a b c --dry-run
