$(dune build ./config.exe)
$(dune exec --root . -- ./config.exe configure help --dry-run --context
    test.context)
