$(dune build ./config.exe)
$(dune exec --root . -- ./config.exe configure a b c --dry-run --context test.context)
