$(dune build ./config.exe)
$(dune exec --root . -- ./config.exe --dry-run)
