out: dune build ./config.exe
out: dune exec --root . -- ./config.exe describe a b c --dry-run
