out: dune build ./config.exe
out: dune exec --root . -- ./config.exe help a b c --dry-run
