$(dune build ./config.exe)
$(dune exec --root . -- ./config.exe help configure --dry-run)
