$(dune build ./config.exe)
$(dune exec --root . -- ./config.exe query a b c --dry-run)
