$(dune build ./config.exe)
$(dune exec --root . -- ./config.exe help --dry-run)
