_build/manifest.json key_gen.ml main.ml myocamlbuild.ml
