"lwt"
"mirage" {build &  >= "3.8.0" & < "3.9.0"}
"mirage-bootvar-unix" { >= "0.1.0" & < "0.2.0"}
"mirage-clock-unix" { >= "3.0.0" & < "4.0.0"}
"mirage-logs" { >= "1.2.0" & < "2.0.0"}
"mirage-runtime" { >= "3.8.0" & < "3.9.0"}
"mirage-types" { >= "3.8.0" & < "3.9.0"}
"mirage-unix" { >= "4.0.0" & < "5.0.0"}
"ocaml" {build &  >= "4.08.0"}
"ocamlbuild" {build}
"ocamlfind" {build}
