opam-version: "2.0"
name: "noop"
maintainer: "dummy"
authors: "dummy"
homepage: "dummy"
bug-reports: "dummy"
dev-repo: "git+https://example.com/nonexistent"
synopsis: "This is a dummy"

build: ["test" "build" "--config-file" "config.ml"]

depends: [
  "fmt"
  "functoria-runtime"
]

